2026-09-04 13:14:02.739: [INFO] CurrentProfilePath: C:\Users\User\GitHub\SQL_Sales_Analysis\.metadata\.plugins\org.eclipse.swt\EBWebView\Default
2026-09-04 13:14:02.739: [INFO] Profiles total count: 1
2026-09-04 13:14:02.739: [INFO] Profile: name=Perfil 1 path=C:\Users\User\GitHub\SQL_Sales_Analysis\.metadata\.plugins\org.eclipse.swt\EBWebView\Default lastActive=null
2026-09-04 13:14:02.739: [INFO] LastUsedProfileDir: C:\Users\User\GitHub\SQL_Sales_Analysis\.metadata\.plugins\org.eclipse.swt\EBWebView\Default
2026-09-04 13:14:02.739: [INFO] OnDoneLoading sync enabled: 0
2026-09-04 13:14:02.739: [INFO] BookmarkModelLoaded, ids_reassigned: 0
2026-09-04 13:14:02.739: [INFO] BookmarksLoadDropped droppedNodes=0
2026-09-04 13:14:02.739: [INFO] BookmarksSnapshot Startup total=0 bar=0 other=0 mobile=0 showBar=0 showBarNTP=1
2026-09-04 13:14:15.024: [INFO] BookmarksSnapshot Shutdown total=0 bar=0 other=0 mobile=0 showBar=0 showBarNTP=1
2026-09-04 13:14:30.680: [INFO] CurrentProfilePath: C:\Users\User\GitHub\SQL_Sales_Analysis\.metadata\.plugins\org.eclipse.swt\EBWebView\Default
2026-09-04 13:14:30.680: [INFO] Profiles total count: 1
2026-09-04 13:14:30.680: [INFO] Profile: name=Perfil 1 path=C:\Users\User\GitHub\SQL_Sales_Analysis\.metadata\.plugins\org.eclipse.swt\EBWebView\Default lastActive=null
2026-09-04 13:14:30.680: [INFO] LastUsedProfileDir: C:\Users\User\GitHub\SQL_Sales_Analysis\.metadata\.plugins\org.eclipse.swt\EBWebView\Default
2026-09-04 13:14:30.680: [INFO] OnDoneLoading sync enabled: 0
2026-09-04 13:14:30.680: [INFO] BookmarkModelLoaded, ids_reassigned: 0
2026-09-04 13:14:30.680: [INFO] BookmarksLoadDropped droppedNodes=0
2026-09-04 13:14:30.680: [INFO] BookmarksSnapshot Startup total=0 bar=0 other=0 mobile=0 showBar=0 showBarNTP=1
2026-09-04 13:34:14.470: [INFO] BookmarksSnapshot Shutdown total=0 bar=0 other=0 mobile=0 showBar=0 showBarNTP=1
2026-09-04 13:34:21.753: [INFO] CurrentProfilePath: C:\Users\User\GitHub\SQL_Sales_Analysis\.metadata\.plugins\org.eclipse.swt\EBWebView\Default
2026-09-04 13:34:21.753: [INFO] Profiles total count: 1
2026-09-04 13:34:21.753: [INFO] Profile: name=Perfil 1 path=C:\Users\User\GitHub\SQL_Sales_Analysis\.metadata\.plugins\org.eclipse.swt\EBWebView\Default lastActive=null
2026-09-04 13:34:21.753: [INFO] LastUsedProfileDir: C:\Users\User\GitHub\SQL_Sales_Analysis\.metadata\.plugins\org.eclipse.swt\EBWebView\Default
2026-09-04 13:34:21.753: [INFO] OnDoneLoading sync enabled: 0
2026-09-04 13:34:21.753: [INFO] BookmarkModelLoaded, ids_reassigned: 0
2026-09-04 13:34:21.753: [INFO] BookmarksLoadDropped droppedNodes=0
2026-09-04 13:34:21.753: [INFO] BookmarksSnapshot Startup total=0 bar=0 other=0 mobile=0 showBar=0 showBarNTP=1
2026-09-06 15:07:38.936: [INFO] BookmarksSnapshot Shutdown total=0 bar=0 other=0 mobile=0 showBar=0 showBarNTP=1
