2026-09-04 15:13:57.129 - DBeaver 26.1.4.202608021747 is starting
2026-09-04 15:13:57.130 - OS: Windows 11 10.0 (amd64)
2026-09-04 15:13:57.130 - Java version: 25.0.3 by Microsoft (64bit)
2026-09-04 15:13:57.131 - Install path: 'C:\Users\User\AppData\Local\DBeaver'
2026-09-04 15:13:57.131 - Instance path: 'file:/C:/Users/User/GitHub/SQL_Sales_Analysis/'
2026-09-04 15:13:57.132 - Memory available 64Mb/1024Mb
2026-09-04 15:13:57.137 - Initialize desktop platform...
2026-09-04 15:13:57.344 - BounceCastle bundle found. Use JCE provider BC
> Start Core File Systems [org.eclipse.core.filesystem 1.11.400.v20251107-0507]
> Start Core Resource Management [org.eclipse.core.resources 3.24.0.v20260518-1150]
> Start Team Support Core [org.eclipse.team.core 3.10.1000.v20260112-1030]
> Start DBeaver UI Navigator [org.jkiss.dbeaver.ui.navigator 1.0.184.202608021747]
> Start JFace Text [org.eclipse.jface.text 3.31.0.v20260428-1719]
> Start Text [org.eclipse.text 3.14.700.v20260326-1107]
2026-09-04 15:13:57.781 - Initialize base platform...
2026-09-04 15:13:57.787 - Platform initialized (650ms)
2026-09-04 15:13:57.791 - 	Create display
2026-09-04 15:13:57.895 - 	Patch workbench configuration
2026-09-04 15:13:57.945 - 	Starting instance server at http://localhost:51075
2026-09-04 15:13:57.951 - Run workbench
> Start Eclipse IDE UI [org.eclipse.ui.ide 3.23.100.v20260505-0615]
> Start Eclipse e4 Workbench SWT [org.eclipse.e4.ui.workbench.swt 0.18.100.v20260430-1313]
> Start Eclipse Application Services [org.eclipse.e4.core.services 2.5.400.v20260430-1313]
> Start Eclipse UI Application Services [org.eclipse.e4.ui.services 1.6.700.v20260430-1313]
> Start Eclipse e4 Progress View [org.eclipse.e4.ui.progress 0.5.100.v20260516-1214]
> Start Eclipse Bindings Support [org.eclipse.e4.ui.bindings 0.15.100.v20260430-1313]
> Start Eclipse e4 core commands [org.eclipse.e4.core.commands 1.1.800.v20260430-1313]
> Start EMF XML/XMI Persistence [org.eclipse.emf.ecore.xmi 2.40.0.v20251210-1145]
> Start Eclipse CSS SWT Theme Support [org.eclipse.e4.ui.css.swt.theme 0.15.100.v20260507-0340]
> Start Eclipse e4 Workbench Add-ons [org.eclipse.e4.ui.workbench.addons.swt 1.6.100.v20260430-1313]
> Start Eclipse e4 Workbench SWT Renderer [org.eclipse.e4.ui.workbench.renderers.swt 0.18.0.v20260508-0707]
> Start Eclipse Dependency Injection Extensions [org.eclipse.e4.core.di.extensions 0.18.300.v20240413-1529]
> Start DBeaver AI Model [org.jkiss.dbeaver.model.ai 2.0.27.202608021747]
> Start DBeaver AI UI [org.jkiss.dbeaver.ui.ai 1.0.86.202608021747]
> Start Eclipse CSS SWT Support [org.eclipse.e4.ui.css.swt 0.17.0.v20260516-1214]
> Start Internet Connection Management [org.eclipse.core.net 1.5.900.v20260507-0401]
> Start Equinox Java Authentication and Authorization Service (JAAS) [org.eclipse.equinox.security 1.4.700.v20250622-1644]
> Start Internet Connection Management UI [org.eclipse.ui.net 1.6.0.v20251219-1227]
> Start GEF Classic Draw2d [org.eclipse.draw2d 3.23.0.202605171958]
> Start GEF Classic GEF (MVC) [org.eclipse.gef 3.26.0.202605171956]
> Start Default Text Editor [org.eclipse.ui.editors 3.22.0.v20260421-0620]
> Start Text Editor Framework [org.eclipse.ui.workbench.texteditor 3.20.100.v20260505-0620]
2026-09-04 15:13:59.367 - Configure workbench window
> Start DBeaver SQL Model [org.jkiss.dbeaver.model.sql 1.0.174.202608021747]
2026-09-04 15:13:59.622 - Total database drivers: 135 (135)
> Start Help System Core [org.eclipse.help 3.11.100.v20260408-1441]
2026-09-04 15:13:59.787 - Create actions
2026-09-04 15:14:03.881 - Initialize workbench window
2026-09-04 15:14:03.902 - Finish initialization
> Start DBeaver UI Editors - Data [org.jkiss.dbeaver.ui.editors.data 1.0.184.202608021747]
> Start DBeaver UI Editors - SQL [org.jkiss.dbeaver.ui.editors.sql 1.0.184.202608021747]
> Start DBeaver NIO Model [org.jkiss.dbeaver.model.nio 1.0.68.202608021747]
> Start DBeaver Dashboard UI [org.jkiss.dbeaver.ui.dashboard 1.0.181.202608021747]
> Start DBeaver ERD UI [org.jkiss.dbeaver.ui.editors.erd 3.1.25.202608021747]
> Start DBeaver ERD Model [org.jkiss.dbeaver.model.erd 1.1.25.202608021747]
> Start DBeaver Sample Database [org.jkiss.dbeaver.ui.config.sample 1.0.221.202608021747]
2026-09-04 15:14:10.658 - Open [https://dbeaver.io/product/version.xml]
2026-09-04 15:14:15.296 - Dispose navigator model
2026-09-04 15:14:15.359 - DBeaver is stopping
2026-09-04 15:14:15.362 - Stop instance server
2026-09-04 15:14:15.364 - Instance server has been stopped
2026-09-04 15:14:15.374 - DBeaver shutdown completed
2026-09-04 15:14:15.398 - Shutdown desktop platform...
2026-09-04 15:14:15.450 - Platform shutdown completed (51ms)
