2026-09-08 15:00:08.171 - DBeaver 26.1.4.202608021747 is starting
2026-09-08 15:00:08.173 - OS: Windows 11 10.0 (amd64)
2026-09-08 15:00:08.173 - Java version: 25.0.3 by Microsoft (64bit)
2026-09-08 15:00:08.173 - Install path: 'C:\Users\User\AppData\Local\DBeaver'
2026-09-08 15:00:08.173 - Instance path: 'file:/C:/Users/User/GitHub/SQL_Sales_Analysis/'
2026-09-08 15:00:08.174 - Memory available 64Mb/1024Mb
2026-09-08 15:00:08.178 - Initialize desktop platform...
2026-09-08 15:00:08.419 - BounceCastle bundle found. Use JCE provider BC
> Start Core File Systems [org.eclipse.core.filesystem 1.11.400.v20251107-0507]
> Start Core Resource Management [org.eclipse.core.resources 3.24.0.v20260518-1150]
> Start DBeaver UI Navigator [org.jkiss.dbeaver.ui.navigator 1.0.184.202608021747]
> Start Team Support Core [org.eclipse.team.core 3.10.1000.v20260112-1030]
2026-09-08 15:00:08.601 - Initialize base platform...
2026-09-08 15:00:08.609 - Platform initialized (431ms)
2026-09-08 15:00:08.620 - 	Create display
2026-09-08 15:00:08.779 - 	Patch workbench configuration
2026-09-08 15:00:08.919 - 	Starting instance server at http://localhost:50571
2026-09-08 15:00:08.924 - Run workbench
> Start Eclipse e4 Workbench SWT [org.eclipse.e4.ui.workbench.swt 0.18.100.v20260430-1313]
> Start Eclipse Application Services [org.eclipse.e4.core.services 2.5.400.v20260430-1313]
> Start Eclipse UI Application Services [org.eclipse.e4.ui.services 1.6.700.v20260430-1313]
> Start Eclipse e4 Progress View [org.eclipse.e4.ui.progress 0.5.100.v20260516-1214]
> Start Eclipse Bindings Support [org.eclipse.e4.ui.bindings 0.15.100.v20260430-1313]
> Start Eclipse e4 core commands [org.eclipse.e4.core.commands 1.1.800.v20260430-1313]
> Start EMF XML/XMI Persistence [org.eclipse.emf.ecore.xmi 2.40.0.v20251210-1145]
> Start Eclipse CSS SWT Theme Support [org.eclipse.e4.ui.css.swt.theme 0.15.100.v20260507-0340]
> Start Eclipse e4 Workbench Add-ons [org.eclipse.e4.ui.workbench.addons.swt 1.6.100.v20260430-1313]
> Start Eclipse e4 Workbench SWT Renderer [org.eclipse.e4.ui.workbench.renderers.swt 0.18.0.v20260508-0707]
> Start Eclipse Dependency Injection Extensions [org.eclipse.e4.core.di.extensions 0.18.300.v20240413-1529]
> Start DBeaver AI Model [org.jkiss.dbeaver.model.ai 2.0.27.202608021747]
> Start DBeaver AI UI [org.jkiss.dbeaver.ui.ai 1.0.86.202608021747]
> Start Eclipse CSS SWT Support [org.eclipse.e4.ui.css.swt 0.17.0.v20260516-1214]
> Start Internet Connection Management [org.eclipse.core.net 1.5.900.v20260507-0401]
> Start Equinox Java Authentication and Authorization Service (JAAS) [org.eclipse.equinox.security 1.4.700.v20250622-1644]
> Start Internet Connection Management UI [org.eclipse.ui.net 1.6.0.v20251219-1227]
> Start GEF Classic Draw2d [org.eclipse.draw2d 3.23.0.202605171958]
> Start GEF Classic GEF (MVC) [org.eclipse.gef 3.26.0.202605171956]
> Start JFace Text [org.eclipse.jface.text 3.31.0.v20260428-1719]
> Start Text [org.eclipse.text 3.14.700.v20260326-1107]
> Start Default Text Editor [org.eclipse.ui.editors 3.22.0.v20260421-0620]
> Start Text Editor Framework [org.eclipse.ui.workbench.texteditor 3.20.100.v20260505-0620]
2026-09-08 15:00:10.407 - Configure workbench window
> Start DBeaver SQL Model [org.jkiss.dbeaver.model.sql 1.0.174.202608021747]
2026-09-08 15:00:10.524 - Total database drivers: 135 (135)
> Start Help System Core [org.eclipse.help 3.11.100.v20260408-1441]
2026-09-08 15:00:10.577 - Create actions
2026-09-08 15:00:11.133 - Initialize workbench window
2026-09-08 15:00:11.148 - Finish initialization
> Start DBeaver UI Editors - Data [org.jkiss.dbeaver.ui.editors.data 1.0.184.202608021747]
> Start DBeaver UI Editors - SQL [org.jkiss.dbeaver.ui.editors.sql 1.0.184.202608021747]
> Start DBeaver Sample Database [org.jkiss.dbeaver.ui.config.sample 1.0.221.202608021747]
2026-09-08 15:00:13.158 - Open [https://dbeaver.io/product/version.xml]
> Start DBeaver NIO Model [org.jkiss.dbeaver.model.nio 1.0.68.202608021747]
> Start DBeaver Dashboard UI [org.jkiss.dbeaver.ui.dashboard 1.0.181.202608021747]
> Start DBeaver ERD UI [org.jkiss.dbeaver.ui.editors.erd 3.1.25.202608021747]
> Start DBeaver ERD Model [org.jkiss.dbeaver.model.erd 1.1.25.202608021747]
2026-09-08 15:00:19.331 - Connect with 'contoso_100k' (postgres-jdbc-1a06c921ac0-4901ca00bfdf2528)
> Start DBeaver JDBC Model [org.jkiss.dbeaver.model.jdbc 1.0.77.202608021747]
> Start DBeaver PostgreSQL Model [org.jkiss.dbeaver.ext.postgresql 2.1.257.202608021747]
2026-09-08 15:00:19.361 - Execution context opened (contoso_100k; Main <contoso_100k>; 0)
2026-09-08 15:00:19.367 - Initiate connection to PostgreSQL database [contoso_100k@localhost] for Main <contoso_100k>
> Start DBeaver GIS Support [org.jkiss.dbeaver.data.gis 1.0.208.202608021747]
2026-09-08 15:00:19.512 - Execution context opened (contoso_100k; Metadata <contoso_100k>; 1)
2026-09-08 15:00:19.512 - Initiate connection to PostgreSQL database [contoso_100k@localhost] for Metadata <contoso_100k>
2026-09-08 15:00:19.602 - Connected (postgres-jdbc-1a06c921ac0-4901ca00bfdf2528, PostgreSQL JDBC Driver [42.7.13])
2026-09-08 15:01:03.460 - Dispose navigator model
2026-09-08 15:01:03.551 - DBeaver is stopping
2026-09-08 15:01:03.555 - Stop instance server
2026-09-08 15:01:03.558 - Instance server has been stopped
2026-09-08 15:01:03.566 - DBeaver shutdown completed
2026-09-08 15:01:03.610 - Shutdown desktop platform...
2026-09-08 15:01:03.632 - Execution context closed (contoso_100k, 0)
2026-09-08 15:01:03.643 - Execution context closed (contoso_100k, 1)
2026-09-08 15:01:03.644 - Disconnected (postgres-jdbc-1a06c921ac0-4901ca00bfdf2528)
2026-09-08 15:01:03.971 - Platform shutdown completed (360ms)
