2026-09-04 15:34:18.364 - DBeaver 26.1.4.202608021747 is starting
2026-09-04 15:34:18.365 - OS: Windows 11 10.0 (amd64)
2026-09-04 15:34:18.367 - Java version: 25.0.3 by Microsoft (64bit)
2026-09-04 15:34:18.367 - Install path: 'C:\Users\User\AppData\Local\DBeaver'
2026-09-04 15:34:18.367 - Instance path: 'file:/C:/Users/User/GitHub/SQL_Sales_Analysis/'
2026-09-04 15:34:18.368 - Memory available 64Mb/1024Mb
2026-09-04 15:34:18.372 - Initialize desktop platform...
2026-09-04 15:34:18.605 - BounceCastle bundle found. Use JCE provider BC
> Start Core File Systems [org.eclipse.core.filesystem 1.11.400.v20251107-0507]
> Start Core Resource Management [org.eclipse.core.resources 3.24.0.v20260518-1150]
> Start DBeaver UI Navigator [org.jkiss.dbeaver.ui.navigator 1.0.184.202608021747]
> Start Team Support Core [org.eclipse.team.core 3.10.1000.v20260112-1030]
2026-09-04 15:34:18.758 - Initialize base platform...
2026-09-04 15:34:18.768 - Platform initialized (396ms)
2026-09-04 15:34:18.777 - 	Create display
2026-09-04 15:34:18.915 - 	Patch workbench configuration
2026-09-04 15:34:19.040 - 	Starting instance server at http://localhost:59618
2026-09-04 15:34:19.045 - Run workbench
> Start Eclipse e4 Workbench SWT [org.eclipse.e4.ui.workbench.swt 0.18.100.v20260430-1313]
> Start Eclipse Application Services [org.eclipse.e4.core.services 2.5.400.v20260430-1313]
> Start Eclipse UI Application Services [org.eclipse.e4.ui.services 1.6.700.v20260430-1313]
> Start Eclipse e4 Progress View [org.eclipse.e4.ui.progress 0.5.100.v20260516-1214]
> Start Eclipse Bindings Support [org.eclipse.e4.ui.bindings 0.15.100.v20260430-1313]
> Start Eclipse e4 core commands [org.eclipse.e4.core.commands 1.1.800.v20260430-1313]
> Start EMF XML/XMI Persistence [org.eclipse.emf.ecore.xmi 2.40.0.v20251210-1145]
> Start Eclipse CSS SWT Theme Support [org.eclipse.e4.ui.css.swt.theme 0.15.100.v20260507-0340]
> Start Eclipse e4 Workbench Add-ons [org.eclipse.e4.ui.workbench.addons.swt 1.6.100.v20260430-1313]
> Start Eclipse e4 Workbench SWT Renderer [org.eclipse.e4.ui.workbench.renderers.swt 0.18.0.v20260508-0707]
> Start Eclipse Dependency Injection Extensions [org.eclipse.e4.core.di.extensions 0.18.300.v20240413-1529]
> Start DBeaver AI Model [org.jkiss.dbeaver.model.ai 2.0.27.202608021747]
> Start DBeaver AI UI [org.jkiss.dbeaver.ui.ai 1.0.86.202608021747]
> Start Eclipse CSS SWT Support [org.eclipse.e4.ui.css.swt 0.17.0.v20260516-1214]
> Start Internet Connection Management [org.eclipse.core.net 1.5.900.v20260507-0401]
> Start Equinox Java Authentication and Authorization Service (JAAS) [org.eclipse.equinox.security 1.4.700.v20250622-1644]
> Start Internet Connection Management UI [org.eclipse.ui.net 1.6.0.v20251219-1227]
> Start GEF Classic Draw2d [org.eclipse.draw2d 3.23.0.202605171958]
> Start GEF Classic GEF (MVC) [org.eclipse.gef 3.26.0.202605171956]
> Start JFace Text [org.eclipse.jface.text 3.31.0.v20260428-1719]
> Start Text [org.eclipse.text 3.14.700.v20260326-1107]
> Start Default Text Editor [org.eclipse.ui.editors 3.22.0.v20260421-0620]
> Start Text Editor Framework [org.eclipse.ui.workbench.texteditor 3.20.100.v20260505-0620]
2026-09-04 15:34:20.439 - Configure workbench window
> Start DBeaver SQL Model [org.jkiss.dbeaver.model.sql 1.0.174.202608021747]
2026-09-04 15:34:20.559 - Total database drivers: 135 (135)
> Start Help System Core [org.eclipse.help 3.11.100.v20260408-1441]
2026-09-04 15:34:20.607 - Create actions
2026-09-04 15:34:21.182 - Initialize workbench window
2026-09-04 15:34:21.199 - Finish initialization
> Start DBeaver UI Editors - Data [org.jkiss.dbeaver.ui.editors.data 1.0.184.202608021747]
> Start DBeaver UI Editors - SQL [org.jkiss.dbeaver.ui.editors.sql 1.0.184.202608021747]
> Start DBeaver Sample Database [org.jkiss.dbeaver.ui.config.sample 1.0.221.202608021747]
> Start DBeaver NIO Model [org.jkiss.dbeaver.model.nio 1.0.68.202608021747]
> Start DBeaver Dashboard UI [org.jkiss.dbeaver.ui.dashboard 1.0.181.202608021747]
> Start DBeaver ERD UI [org.jkiss.dbeaver.ui.editors.erd 3.1.25.202608021747]
> Start DBeaver ERD Model [org.jkiss.dbeaver.model.erd 1.1.25.202608021747]
2026-09-04 15:34:36.368 - Connect with 'contoso_100k' (postgres-jdbc-1a06c921ac0-4901ca00bfdf2528)
> Start DBeaver JDBC Model [org.jkiss.dbeaver.model.jdbc 1.0.77.202608021747]
> Start DBeaver PostgreSQL Model [org.jkiss.dbeaver.ext.postgresql 2.1.257.202608021747]
2026-09-04 15:34:36.406 - Execution context opened (contoso_100k; Main <contoso_100k>; 0)
2026-09-04 15:34:36.411 - Initiate connection to PostgreSQL database [contoso_100k@localhost] for Main <contoso_100k>
> Start DBeaver GIS Support [org.jkiss.dbeaver.data.gis 1.0.208.202608021747]
2026-09-04 15:34:36.628 - Execution context opened (contoso_100k; Metadata <contoso_100k>; 1)
2026-09-04 15:34:36.629 - Initiate connection to PostgreSQL database [contoso_100k@localhost] for Metadata <contoso_100k>
2026-09-04 15:34:36.710 - Connected (postgres-jdbc-1a06c921ac0-4901ca00bfdf2528, PostgreSQL JDBC Driver [42.7.13])
2026-09-04 15:36:20.688 - Open external file(s) [[C:\Users\User\GitHub\SQL_Sales_Analysis\sql\4_new_vs_existing_customers.sql]]
> Start DBeaver SQL Terminal [org.jkiss.dbeaver.ui.editors.sql.terminal 1.0.160.202608021747]
> Start Core Compare Support [org.eclipse.compare.core 3.8.800.v20250718-1505]
> Start Console [org.eclipse.ui.console 3.17.0.v20260430-1810]
> Start Debug Core [org.eclipse.debug.core 3.23.300.v20260513-0740]
> Start DBeaver SQL Language Semantic Model [org.jkiss.dbeaver.model.lsm 1.0.79.202608021747]
2026-09-04 15:36:59.332 - Execution context opened (contoso_100k; SQLEditor <Script.sql>; 2)
2026-09-04 15:36:59.333 - Initiate connection to PostgreSQL database [contoso_100k@localhost] for SQLEditor <Script.sql>
2026-09-04 15:37:27.455 - Execution context closed (contoso_100k, 2)
> Start Equinox Provisioning Metadata [org.eclipse.equinox.p2.metadata 2.9.700.v20260516-0947]
2026-09-04 15:38:43.908 - Execution context opened (contoso_100k; SQLEditor <4_new_vs_existing_customers.sql>; 3)
2026-09-04 15:38:43.909 - Initiate connection to PostgreSQL database [contoso_100k@localhost] for SQLEditor <4_new_vs_existing_customers.sql>
2026-09-04 15:39:18.137 - Open external file(s) [[C:\Users\User\GitHub\SQL_Sales_Analysis\sql\1_year_revenues.sql]]
> Start DBeaver Tasks - Native Tools UI [org.jkiss.dbeaver.tasks.native.ui 1.0.162.202608021747]
> Start DBeaver PostgreSQL UI [org.jkiss.dbeaver.ext.postgresql.ui 1.0.160.202608021747]
> Start DBeaver Tasks - General UI [org.jkiss.dbeaver.tasks.ui 1.0.162.202608021747]
2026-09-04 15:39:27.586 - Execution context opened (contoso_100k; SQLEditor <1_year_revenues.sql>; 4)
2026-09-04 15:39:27.587 - Initiate connection to PostgreSQL database [contoso_100k@localhost] for SQLEditor <1_year_revenues.sql>
2026-09-04 15:39:35.150 - Execution context closed (contoso_100k, 4)
2026-09-04 15:41:29.978 - Table 'customers_per_cohort' not found in metadata catalog
2026-09-04 15:41:29.979 - Table 'customers_per_cohort' not found in metadata catalog
2026-09-04 15:41:29.979 - Table 'customers_per_cohort' not found in metadata catalog
2026-09-04 15:43:39.143 - Table 'customers_per_cohort' not found in metadata catalog
2026-09-04 15:43:39.144 - Table 'customers_per_cohort' not found in metadata catalog
2026-09-04 15:43:39.144 - Table 'customers_per_cohort' not found in metadata catalog
2026-09-04 15:43:59.175 - Restore default sash weights
2026-09-04 15:43:59.336 - Execution context opened (contoso_100k; SQLEditor <Script.sql>; 5)
2026-09-04 15:43:59.337 - Initiate connection to PostgreSQL database [contoso_100k@localhost] for SQLEditor <Script.sql>
2026-09-04 15:44:21.483 - Execution context closed (contoso_100k, 5)
2026-09-04 15:46:10.271 - Restore default sash weights
2026-09-04 15:46:10.383 - Execution context opened (contoso_100k; SQLEditor <Script-1.sql>; 6)
2026-09-04 15:46:10.384 - Initiate connection to PostgreSQL database [contoso_100k@localhost] for SQLEditor <Script-1.sql>
2026-09-04 15:48:27.531 - Table 'customers_per_cohort' not found in metadata catalog
2026-09-04 15:48:27.531 - Table 'customers_per_cohort' not found in metadata catalog
2026-09-04 15:48:27.531 - Table 'customers_per_cohort' not found in metadata catalog
> Start DBeaver UI Editors - Entity [org.jkiss.dbeaver.ui.editors.entity 1.0.184.202608021747]
2026-09-04 15:55:40.607 - Execution context closed (contoso_100k, 6)
2026-09-04 15:59:56.480 - Execution context closed (contoso_100k, 3)
2026-09-04 16:00:00.812 - Execution context opened (contoso_100k; SQLEditor <Script-2.sql>; 7)
2026-09-04 16:00:00.813 - Initiate connection to PostgreSQL database [contoso_100k@localhost] for SQLEditor <Script-2.sql>
2026-09-04 16:00:06.795 - Execution context opened (contoso_100k; SQLEditor <Script.sql>; 8)
2026-09-04 16:00:06.795 - Initiate connection to PostgreSQL database [contoso_100k@localhost] for SQLEditor <Script.sql>
2026-09-04 16:00:10.501 - Execution context closed (contoso_100k, 8)
2026-09-04 16:00:11.712 - Execution context opened (contoso_100k; SQLEditor <Script-1.sql>; 9)
2026-09-04 16:00:11.713 - Initiate connection to PostgreSQL database [contoso_100k@localhost] for SQLEditor <Script-1.sql>
2026-09-04 16:00:14.609 - Execution context closed (contoso_100k, 9)
2026-09-04 16:00:50.300 - Table 'customers_per_cohort' not found in metadata catalog
2026-09-04 16:00:50.300 - Table 'customers_per_cohort' not found in metadata catalog
2026-09-04 16:00:50.300 - Table 'customers_per_cohort' not found in metadata catalog
2026-09-04 22:39:52.294 - Execution context closed (contoso_100k, 0)
2026-09-04 22:39:52.326 - Execution context closed (contoso_100k, 1)
2026-09-04 22:39:52.341 - Execution context closed (contoso_100k, 7)
2026-09-04 22:39:52.344 - Disconnected (postgres-jdbc-1a06c921ac0-4901ca00bfdf2528)
2026-09-05 14:53:06.491 - Connect with 'contoso_100k' (postgres-jdbc-1a06c921ac0-4901ca00bfdf2528)
2026-09-05 14:53:06.493 - Execution context opened (contoso_100k; Main <contoso_100k>; 10)
2026-09-05 14:53:06.493 - Initiate connection to PostgreSQL database [contoso_100k@localhost] for Main <contoso_100k>
2026-09-05 14:53:06.541 - Execution context opened (contoso_100k; Metadata <contoso_100k>; 11)
2026-09-05 14:53:06.541 - Initiate connection to PostgreSQL database [contoso_100k@localhost] for Metadata <contoso_100k>
2026-09-05 14:53:06.708 - Connected (postgres-jdbc-1a06c921ac0-4901ca00bfdf2528, PostgreSQL JDBC Driver [42.7.13])
2026-09-05 14:53:06.730 - Execution context opened (contoso_100k; SQLEditor <4_new_vs_existing.sql>; 12)
2026-09-05 14:53:06.731 - Initiate connection to PostgreSQL database [contoso_100k@localhost] for SQLEditor <4_new_vs_existing.sql>
2026-09-05 15:01:28.849 - Execution context closed (contoso_100k, 12)
2026-09-05 15:07:19.591 - Execution context opened (contoso_100k; SQLEditor <Script.sql>; 13)
2026-09-05 15:07:19.591 - Initiate connection to PostgreSQL database [contoso_100k@localhost] for SQLEditor <Script.sql>
2026-09-05 15:12:18.588 - Execution context closed (contoso_100k, 13)
2026-09-05 15:13:04.293 - Execution context opened (contoso_100k; SQLEditor <Script.sql>; 14)
2026-09-05 15:13:04.293 - Initiate connection to PostgreSQL database [contoso_100k@localhost] for SQLEditor <Script.sql>
2026-09-05 15:14:14.131 - Table 'customers_per_cohort' not found in metadata catalog
2026-09-05 15:14:14.131 - Table 'customers_per_cohort' not found in metadata catalog
2026-09-05 15:14:14.131 - Table 'customers_per_cohort' not found in metadata catalog
2026-09-05 15:15:19.994 - Execution context opened (contoso_100k; SQLEditor <4_new_vs_existing.sql>; 15)
2026-09-05 15:15:19.995 - Initiate connection to PostgreSQL database [contoso_100k@localhost] for SQLEditor <4_new_vs_existing.sql>
2026-09-05 15:15:39.671 - Table 'customers_per_cohort' not found in metadata catalog
2026-09-05 15:15:39.671 - Table 'customers_per_cohort' not found in metadata catalog
2026-09-05 15:15:39.671 - Table 'customers_per_cohort' not found in metadata catalog
2026-09-05 15:15:58.391 - Execution context closed (contoso_100k, 14)
2026-09-05 15:16:00.430 - Execution context opened (contoso_100k; SQLEditor <Script.sql>; 16)
2026-09-05 15:16:00.431 - Initiate connection to PostgreSQL database [contoso_100k@localhost] for SQLEditor <Script.sql>
2026-09-05 15:16:03.396 - Execution context closed (contoso_100k, 16)
2026-09-05 15:16:07.937 - Table 'customers_per_cohort' not found in metadata catalog
2026-09-05 15:16:07.938 - Table 'customers_per_cohort' not found in metadata catalog
2026-09-05 15:16:07.938 - Table 'customers_per_cohort' not found in metadata catalog
> Start DBeaver Tasks View [org.jkiss.dbeaver.tasks.ui.view 1.0.133.202608021747]
2026-09-05 15:25:19.116 - Execution context opened (contoso_100k; SQLEditor <Script.sql>; 17)
2026-09-05 15:25:19.116 - Initiate connection to PostgreSQL database [contoso_100k@localhost] for SQLEditor <Script.sql>
> Start DBeaver Data Transfer [org.jkiss.dbeaver.data.transfer 2.0.168.202608021747]
> Start Data Transfer UI [org.jkiss.dbeaver.data.transfer.ui 1.0.168.202608021747]
> Start DBeaver UI Forms Toolkit [org.jkiss.dbeaver.ui.forms 1.0.12.202608021747]
2026-09-05 15:27:01.370 - 	Close output stream
2026-09-05 15:27:30.247 - 	Close output stream
2026-09-05 15:27:54.601 - 	Close output stream
2026-09-05 15:28:25.500 - 	Close output stream
2026-09-05 15:31:31.910 - Execution context opened (contoso_100k; SQLEditor <Script-1.sql>; 18)
2026-09-05 15:31:31.911 - Initiate connection to PostgreSQL database [contoso_100k@localhost] for SQLEditor <Script-1.sql>
2026-09-05 15:31:43.888 - 	Close output stream
2026-09-05 15:33:44.986 - Execution context opened (contoso_100k; SQLEditor <Script-2.sql>; 19)
2026-09-05 15:33:44.986 - Initiate connection to PostgreSQL database [contoso_100k@localhost] for SQLEditor <Script-2.sql>
2026-09-05 16:17:05.540 - Execution context closed (contoso_100k, 18)
2026-09-05 16:17:09.124 - Execution context closed (contoso_100k, 19)
2026-09-05 16:17:13.436 - Execution context closed (contoso_100k, 17)
2026-09-05 16:17:14.863 - Execution context closed (contoso_100k, 15)
2026-09-05 16:17:18.269 - Execution context opened (contoso_100k; SQLEditor <Script.sql>; 20)
2026-09-05 16:17:18.269 - Initiate connection to PostgreSQL database [contoso_100k@localhost] for SQLEditor <Script.sql>
2026-09-05 16:17:35.745 - Execution context opened (contoso_100k; SQLEditor <4_new_vs_existing.sql>; 21)
2026-09-05 16:17:35.745 - Initiate connection to PostgreSQL database [contoso_100k@localhost] for SQLEditor <4_new_vs_existing.sql>
2026-09-05 16:17:45.642 - Table 'customers_per_cohort' not found in metadata catalog
2026-09-05 16:17:45.642 - Table 'customers_per_cohort' not found in metadata catalog
2026-09-05 16:17:45.642 - Table 'customers_per_cohort' not found in metadata catalog
2026-09-05 16:17:59.673 - Table 'customers_per_cohort' not found in metadata catalog
2026-09-05 16:17:59.673 - Table 'customers_per_cohort' not found in metadata catalog
2026-09-05 16:17:59.673 - Table 'customers_per_cohort' not found in metadata catalog
2026-09-05 16:18:09.586 - 	Close output stream
2026-09-05 16:19:01.420 - Execution context opened (contoso_100k; SQLEditor <Script-2.sql>; 22)
2026-09-05 16:19:01.420 - Initiate connection to PostgreSQL database [contoso_100k@localhost] for SQLEditor <Script-2.sql>
2026-09-05 16:19:18.580 - 	Close output stream
2026-09-05 16:19:34.780 - 	Close output stream
2026-09-05 16:19:49.900 - 	Close output stream
2026-09-06 00:56:14.907 - Execution context closed (contoso_100k, 10)
2026-09-06 00:56:14.925 - Execution context closed (contoso_100k, 11)
2026-09-06 00:56:14.939 - Execution context closed (contoso_100k, 20)
2026-09-06 00:56:14.958 - Execution context closed (contoso_100k, 21)
2026-09-06 00:56:14.974 - Execution context closed (contoso_100k, 22)
2026-09-06 00:56:14.976 - Disconnected (postgres-jdbc-1a06c921ac0-4901ca00bfdf2528)
2026-09-06 16:47:19.147 - Connect with 'contoso_100k' (postgres-jdbc-1a06c921ac0-4901ca00bfdf2528)
2026-09-06 16:47:19.149 - Execution context opened (contoso_100k; Main <contoso_100k>; 23)
2026-09-06 16:47:19.149 - Initiate connection to PostgreSQL database [contoso_100k@localhost] for Main <contoso_100k>
2026-09-06 16:47:19.249 - Execution context opened (contoso_100k; Metadata <contoso_100k>; 24)
2026-09-06 16:47:19.249 - Initiate connection to PostgreSQL database [contoso_100k@localhost] for Metadata <contoso_100k>
2026-09-06 16:47:19.320 - Connected (postgres-jdbc-1a06c921ac0-4901ca00bfdf2528, PostgreSQL JDBC Driver [42.7.13])
2026-09-06 16:47:19.342 - Execution context opened (contoso_100k; SQLEditor <Script.sql>; 25)
2026-09-06 16:47:19.343 - Initiate connection to PostgreSQL database [contoso_100k@localhost] for SQLEditor <Script.sql>
2026-09-06 16:47:19.356 - Execution context opened (contoso_100k; SQLEditor <4_new_vs_existing.sql>; 26)
2026-09-06 16:47:19.369 - Execution context opened (contoso_100k; SQLEditor <00_data_quality_checks.sql>; 27)
2026-09-06 16:47:19.407 - Initiate connection to PostgreSQL database [contoso_100k@localhost] for SQLEditor <4_new_vs_existing.sql>
2026-09-06 16:47:19.471 - Initiate connection to PostgreSQL database [contoso_100k@localhost] for SQLEditor <00_data_quality_checks.sql>
2026-09-06 16:47:24.142 - Service 'org.jkiss.dbeaver.runtime.IEnvironmentPathMapper' not found
2026-09-06 17:07:38.984 - Execution context closed (contoso_100k, 26)
2026-09-06 17:07:39.025 - Execution context closed (contoso_100k, 25)
2026-09-06 17:07:39.041 - Execution context closed (contoso_100k, 27)
2026-09-06 17:07:39.227 - Dispose navigator model
2026-09-06 17:07:39.252 - DBeaver is stopping
2026-09-06 17:07:39.254 - Stop instance server
2026-09-06 17:07:39.256 - Instance server has been stopped
2026-09-06 17:07:39.264 - DBeaver shutdown completed
2026-09-06 17:07:39.301 - Shutdown desktop platform...
2026-09-06 17:07:39.322 - Execution context closed (contoso_100k, 23)
2026-09-06 17:07:39.333 - Execution context closed (contoso_100k, 24)
2026-09-06 17:07:39.333 - Disconnected (postgres-jdbc-1a06c921ac0-4901ca00bfdf2528)
2026-09-06 17:07:39.696 - Platform shutdown completed (395ms)
